<html>
<body>
<pre>
<h1>礦ision Build Log</h1>
<h2>Tool Versions:</h2>
IDE-Version: μVision V5.38.0.0
Copyright (C) 2022 ARM Ltd and ARM Germany GmbH. All rights reserved.
License Information: 1 1, 1, LIC=9WSKC-7Y82Q-LQZ0Q-NU6BN-HVEYM-UV19Y
 
Tool Versions:
Toolchain:       MDK-ARM Plus  Version: 5.38.0.0
Toolchain Path:  D:\Keil_v5\ARM\ARMCC\Bin
C Compiler:      Armcc.exe V5.05 update 1 (build 106)
Assembler:       Armasm.exe V5.05 update 1 (build 106)
Linker/Locator:  ArmLink.exe V5.05 update 1 (build 106)
Library Manager: ArmAr.exe V5.05 update 1 (build 106)
Hex Converter:   FromElf.exe V5.05 update 1 (build 106)
CPU DLL:         SARMCM3.DLL V5.38.0.0
Dialog DLL:      DCM.DLL V1.17.5.0
Target DLL:      STLink\ST-LINKIII-KEIL_SWO.dll V3.0.1.0
Dialog DLL:      TCM.DLL V1.56.4.0
 
<h2>Project:</h2>
D:\CubeMX\Project_module\AD9854(G4)\MDK-ARM\G474_temp.uvprojx
Project File Date:  08/13/2023

<h2>Output:</h2>
*** Using Compiler 'V5.05 update 1 (build 106)', folder: 'D:\Keil_v5\ARM\ARMCC\Bin'
Build target 'G474_temp'
assembling startup_stm32g474xx.s...
compiling stm32g4xx_hal_tim.c...
compiling stm32g4xx_hal_tim_ex.c...
compiling usart.c...
compiling stm32g4xx_hal_uart_ex.c...
compiling stm32g4xx_it.c...
compiling gpio.c...
compiling stm32g4xx_hal.c...
compiling stm32g4xx_hal_msp.c...
compiling main.c...
compiling stm32g4xx_hal_rcc.c...
compiling stm32g4xx_hal_pwr_ex.c...
compiling stm32g4xx_hal_rcc_ex.c...
compiling stm32g4xx_hal_uart.c...
compiling stm32g4xx_hal_exti.c...
compiling stm32g4xx_hal_cortex.c...
compiling stm32g4xx_hal_dma_ex.c...
compiling stm32g4xx_hal_pwr.c...
compiling stm32g4xx_hal_dma.c...
compiling delay.c...
compiling system_stm32g4xx.c...
compiling stm32g4xx_hal_flash_ramfunc.c...
compiling stm32g4xx_hal_flash_ex.c...
compiling stm32g4xx_hal_gpio.c...
compiling AD9854_DR.c...
..\HARDWARE\AD9854\AD9854_DR.c(131): warning:  #188-D: enumerated type mixed with another type
  	AD9854_WR(0);
..\HARDWARE\AD9854\AD9854_DR.c(132): warning:  #188-D: enumerated type mixed with another type
  	AD9854_WR(1);
..\HARDWARE\AD9854\AD9854_DR.c(144): warning:  #188-D: enumerated type mixed with another type
  	AD9854_WR(1);//将读、写控制端口设为无效
..\HARDWARE\AD9854\AD9854_DR.c(145): warning:  #188-D: enumerated type mixed with another type
      AD9854_RD(1);
..\HARDWARE\AD9854\AD9854_DR.c(146): warning:  #188-D: enumerated type mixed with another type
      AD9854_UDCLK(0);
..\HARDWARE\AD9854\AD9854_DR.c(147): warning:  #188-D: enumerated type mixed with another type
      AD9854_RST(1);                 //复位AD9854
..\HARDWARE\AD9854\AD9854_DR.c(148): warning:  #188-D: enumerated type mixed with another type
      AD9854_RST(0);
..\HARDWARE\AD9854\AD9854_DR.c(155): warning:  #188-D: enumerated type mixed with another type
  	AD9854_UDCLK(1);               //更新AD9854输出
..\HARDWARE\AD9854\AD9854_DR.c(156): warning:  #188-D: enumerated type mixed with another type
      AD9854_UDCLK(0);
..\HARDWARE\AD9854\AD9854_DR.c(225): warning:  #188-D: enumerated type mixed with another type
  	AD9854_UDCLK(1);                    //更新AD9854输出
..\HARDWARE\AD9854\AD9854_DR.c(226): warning:  #188-D: enumerated type mixed with another type
    AD9854_UDCLK(0);
..\HARDWARE\AD9854\AD9854_DR.c(285): warning:  #188-D: enumerated type mixed with another type
  	AD9854_UDCLK(1);                    //更新AD9854输出
..\HARDWARE\AD9854\AD9854_DR.c(286): warning:  #188-D: enumerated type mixed with another type
      AD9854_UDCLK(0);
..\HARDWARE\AD9854\AD9854_DR.c(297): warning:  #188-D: enumerated type mixed with another type
  	AD9854_WR(1);                        //将读、写控制端口设为无效
..\HARDWARE\AD9854\AD9854_DR.c(298): warning:  #188-D: enumerated type mixed with another type
      AD9854_RD(1);
..\HARDWARE\AD9854\AD9854_DR.c(299): warning:  #188-D: enumerated type mixed with another type
      AD9854_UDCLK(0);
..\HARDWARE\AD9854\AD9854_DR.c(300): warning:  #188-D: enumerated type mixed with another type
      AD9854_RST(1);                        //复位AD9854
..\HARDWARE\AD9854\AD9854_DR.c(301): warning:  #188-D: enumerated type mixed with another type
      AD9854_RST(0);	
..\HARDWARE\AD9854\AD9854_DR.c(308): warning:  #188-D: enumerated type mixed with another type
  	AD9854_UDCLK(1);                  //更新AD9854输出
..\HARDWARE\AD9854\AD9854_DR.c(309): warning:  #188-D: enumerated type mixed with another type
      AD9854_UDCLK(0);
..\HARDWARE\AD9854\AD9854_DR.c(349): warning:  #188-D: enumerated type mixed with another type
  	AD9854_UDCLK(1);                    //更新AD9854输出
..\HARDWARE\AD9854\AD9854_DR.c(350): warning:  #188-D: enumerated type mixed with another type
      AD9854_UDCLK(0);		
..\HARDWARE\AD9854\AD9854_DR.c(361): warning:  #188-D: enumerated type mixed with another type
  	AD9854_WR(1);                    //将读、写控制端口设为无效
..\HARDWARE\AD9854\AD9854_DR.c(362): warning:  #188-D: enumerated type mixed with another type
      AD9854_RD(1);
..\HARDWARE\AD9854\AD9854_DR.c(363): warning:  #188-D: enumerated type mixed with another type
      AD9854_UDCLK(0);
..\HARDWARE\AD9854\AD9854_DR.c(364): warning:  #188-D: enumerated type mixed with another type
      AD9854_RST(1);                   //复位AD9854
..\HARDWARE\AD9854\AD9854_DR.c(365): warning:  #188-D: enumerated type mixed with another type
      AD9854_RST(0);
..\HARDWARE\AD9854\AD9854_DR.c(372): warning:  #188-D: enumerated type mixed with another type
  	AD9854_UDCLK(1);                //更新AD9854输出
..\HARDWARE\AD9854\AD9854_DR.c(373): warning:  #188-D: enumerated type mixed with another type
      AD9854_UDCLK(0);
..\HARDWARE\AD9854\AD9854_DR.c(414): warning:  #188-D: enumerated type mixed with another type
  	AD9854_UDCLK(1);                                //更新AD9854输出
..\HARDWARE\AD9854\AD9854_DR.c(415): warning:  #188-D: enumerated type mixed with another type
      AD9854_UDCLK(0);	
..\HARDWARE\AD9854\AD9854_DR.c(426): warning:  #188-D: enumerated type mixed with another type
  	AD9854_WR(1);                           //将读、写控制端口设为无效
..\HARDWARE\AD9854\AD9854_DR.c(427): warning:  #188-D: enumerated type mixed with another type
  	AD9854_RD(1);
..\HARDWARE\AD9854\AD9854_DR.c(428): warning:  #188-D: enumerated type mixed with another type
  	AD9854_UDCLK(0);
..\HARDWARE\AD9854\AD9854_DR.c(429): warning:  #188-D: enumerated type mixed with another type
  	AD9854_RST(1);                          //复位AD9854
..\HARDWARE\AD9854\AD9854_DR.c(430): warning:  #188-D: enumerated type mixed with another type
  	AD9854_RST(0);
..\HARDWARE\AD9854\AD9854_DR.c(437): warning:  #188-D: enumerated type mixed with another type
  	AD9854_UDCLK(1);                        //更新AD9854输出
..\HARDWARE\AD9854\AD9854_DR.c(438): warning:  #188-D: enumerated type mixed with another type
  	AD9854_UDCLK(0);
..\HARDWARE\AD9854\AD9854_DR.c(473): warning:  #188-D: enumerated type mixed with another type
  	AD9854_UDCLK(1);                                //更新AD9854输出
..\HARDWARE\AD9854\AD9854_DR.c(474): warning:  #188-D: enumerated type mixed with another type
      AD9854_UDCLK(0);	
..\HARDWARE\AD9854\AD9854_DR.c(492): warning:  #188-D: enumerated type mixed with another type
      AD9854_WR(1);    //将读、写控制端口设为无效
..\HARDWARE\AD9854\AD9854_DR.c(493): warning:  #188-D: enumerated type mixed with another type
      AD9854_RD(1);
..\HARDWARE\AD9854\AD9854_DR.c(494): warning:  #188-D: enumerated type mixed with another type
      AD9854_UDCLK(0);
..\HARDWARE\AD9854\AD9854_DR.c(495): warning:  #188-D: enumerated type mixed with another type
      AD9854_RST(1);     //复位AD9854
..\HARDWARE\AD9854\AD9854_DR.c(496): warning:  #188-D: enumerated type mixed with another type
      AD9854_RST(0);
..\HARDWARE\AD9854\AD9854_DR.c(510): warning:  #188-D: enumerated type mixed with another type
  	AD9854_UDCLK(1);                             //更新AD9854输出
..\HARDWARE\AD9854\AD9854_DR.c(511): warning:  #188-D: enumerated type mixed with another type
      AD9854_UDCLK(0);
..\HARDWARE\AD9854\AD9854_DR.c(528): warning:  #188-D: enumerated type mixed with another type
  	AD9854_UDCLK(1);                                   //更新AD9854输出
..\HARDWARE\AD9854\AD9854_DR.c(529): warning:  #188-D: enumerated type mixed with another type
      AD9854_UDCLK(0);			
..\HARDWARE\AD9854\AD9854_DR.c(540): warning:  #188-D: enumerated type mixed with another type
  	AD9854_WR(1);                      //将读、写控制端口设为无效
..\HARDWARE\AD9854\AD9854_DR.c(541): warning:  #188-D: enumerated type mixed with another type
      AD9854_RD(1);
..\HARDWARE\AD9854\AD9854_DR.c(542): warning:  #188-D: enumerated type mixed with another type
      AD9854_UDCLK(0);
..\HARDWARE\AD9854\AD9854_DR.c(543): warning:  #188-D: enumerated type mixed with another type
      AD9854_RST(1);                     //复位AD9854
..\HARDWARE\AD9854\AD9854_DR.c(544): warning:  #188-D: enumerated type mixed with another type
      AD9854_RST(0);
..\HARDWARE\AD9854\AD9854_DR.c(551): warning:  #188-D: enumerated type mixed with another type
  	AD9854_UDCLK(1);                   //更新AD9854输出
..\HARDWARE\AD9854\AD9854_DR.c(552): warning:  #188-D: enumerated type mixed with another type
      AD9854_UDCLK(0);
..\HARDWARE\AD9854\AD9854_DR.c(607): warning:  #188-D: enumerated type mixed with another type
  	AD9854_UDCLK(1);                                //更新AD9854输出
..\HARDWARE\AD9854\AD9854_DR.c(608): warning:  #188-D: enumerated type mixed with another type
      AD9854_UDCLK(0);	
..\HARDWARE\AD9854\AD9854_DR.c(709): warning:  #1-D: last line of file ends without a newline
  //}			
..\HARDWARE\AD9854\AD9854_DR.c: 59 warnings, 0 errors
compiling myiic.c...
compiling stm32g4xx_hal_flash.c...
compiling myusart1.c...
compiling OLED_I2C.c...
linking...
Program Size: Code=8106 RO-data=570 RW-data=40 ZI-data=1880  
FromELF: creating hex file...
"G474_temp\G474_temp.axf" - 0 Error(s), 59 Warning(s).

<h2>Software Packages used:</h2>

Package Vendor: ARM
                http://www.keil.com/pack/ARM.CMSIS.5.9.0.pack
                ARM.CMSIS.5.9.0
                CMSIS (Common Microcontroller Software Interface Standard)
   * Component: CORE Version: 5.6.0

Package Vendor: Keil
                https://www.keil.com/pack/Keil.STM32G4xx_DFP.1.5.0.pack
                Keil.STM32G4xx_DFP.1.5.0
                STMicroelectronics STM32G4 Series Device Support, Drivers and Examples

<h2>Collection of Component include folders:</h2>
  ./RTE/_G474_temp
  D:/Keil_v5/ARM/Pack/ARM/CMSIS/5.9.0/CMSIS/Core/Include
  D:/Keil_v5/ARM/Pack/Keil/STM32G4xx_DFP/1.5.0/Drivers/CMSIS/Device/ST/STM32G4xx/Include

<h2>Collection of Component Files used:</h2>

   * Component: ARM::CMSIS:CORE:5.6.0
      Include file:  CMSIS/Core/Include/tz_context.h
Build Time Elapsed:  00:00:12
</pre>
</body>
</html>
